// Jest Snapshot v1, https://goo.gl/fbAQLP

exports[`<Help> Render Should render Help component 1`] = `
<Popover
  classModifier={null}
  className="af-popover__container"
  mode="click"
  placement="right"
>
  <Popover.Pop>
    Hello
  </Popover.Pop>
  <Popover.Over>
    <button
      className="btn af-btn--circle"
      type="button"
    >
      <span
        className="af-more-help"
      >
        i
      </span>
    </button>
  </Popover.Over>
</Popover>
`;
